{
  "openapi": "3.0.1",
  "info": {
    "title": "Test API V1",
    "description": "A sample API for testing DotSwashbuckle",
    "termsOfService": "http://tempuri.org/terms",
    "version": "v1"
  },
  "paths": {
    "/requestWithNestedChild": {
      "post": {
        "tags": [
          "Basic"
        ],
        "requestBody": {
          "content": {
            "application/json": {
              "schema": {
                "$ref": "#/components/schemas/RequestWithNestedChild"
              }
            }
          },
          "required": true,
          "x-purpose": "test"
        },
        "responses": {
          "200": {
            "description": "OK",
            "content": {
              "text/plain": {
                "schema": {
                  "type": "string"
                }
              }
            }
          }
        },
        "x-purpose": "test"
      }
    },
    "/requestWithNestedChild2": {
      "post": {
        "tags": [
          "Basic"
        ],
        "requestBody": {
          "content": {
            "application/json": {
              "schema": {
                "$ref": "#/components/schemas/RequestWithNestedChild"
              }
            }
          },
          "required": true,
          "x-purpose": "test"
        },
        "responses": {
          "200": {
            "description": "Success",
            "content": {
              "text/plain": {
                "schema": {
                  "type": "string"
                }
              }
            }
          }
        },
        "x-purpose": "test"
      }
    },
    "/requestWithNonNestedChild": {
      "post": {
        "tags": [
          "Basic"
        ],
        "requestBody": {
          "content": {
            "application/json": {
              "schema": {
                "$ref": "#/components/schemas/RequestWithNonNestedChild"
              }
            }
          },
          "required": true,
          "x-purpose": "test"
        },
        "responses": {
          "200": {
            "description": "OK",
            "content": {
              "text/plain": {
                "schema": {
                  "type": "string"
                }
              }
            }
          }
        },
        "x-purpose": "test"
      }
    },
    "/requestWithNonNestedChild2": {
      "post": {
        "tags": [
          "Basic"
        ],
        "requestBody": {
          "content": {
            "application/json": {
              "schema": {
                "$ref": "#/components/schemas/RequestWithNonNestedChild"
              }
            }
          },
          "required": true,
          "x-purpose": "test"
        },
        "responses": {
          "200": {
            "description": "Success",
            "content": {
              "text/plain": {
                "schema": {
                  "type": "string"
                }
              }
            }
          }
        },
        "x-purpose": "test"
      }
    },
    "/formpost/minimalPost": {
      "post": {
        "tags": [
          "Basic"
        ],
        "parameters": [
          {
            "name": "ts",
            "in": "query",
            "required": true,
            "schema": {
              "type": "string"
            }
          }
        ],
        "requestBody": {
          "content": {
            "multipart/form-data": {
              "schema": {
                "required": [
                  "address",
                  "person"
                ],
                "type": "object",
                "properties": {
                  "person": {
                    "$ref": "#/components/schemas/WeatherForecast"
                  },
                  "address": {
                    "$ref": "#/components/schemas/Product"
                  }
                }
              },
              "encoding": {
                "person": {
                  "style": "form"
                },
                "address": {
                  "style": "form"
                }
              }
            },
            "application/x-www-form-urlencoded": {
              "schema": {
                "required": [
                  "address",
                  "person"
                ],
                "type": "object",
                "properties": {
                  "person": {
                    "$ref": "#/components/schemas/WeatherForecast"
                  },
                  "address": {
                    "$ref": "#/components/schemas/Product"
                  }
                }
              },
              "encoding": {
                "person": {
                  "style": "form"
                },
                "address": {
                  "style": "form"
                }
              }
            }
          },
          "required": true,
          "x-purpose": "test"
        },
        "responses": {
          "204": {
            "description": "No Content"
          }
        },
        "x-purpose": "test"
      }
    },
    "/formpost/minimalPost2": {
      "post": {
        "tags": [
          "Basic"
        ],
        "parameters": [
          {
            "name": "ts",
            "in": "query",
            "required": true,
            "schema": {
              "type": "string"
            }
          }
        ],
        "requestBody": {
          "content": {
            "multipart/form-data": {
              "schema": {
                "required": [
                  "address",
                  "person"
                ],
                "type": "object",
                "properties": {
                  "person": {
                    "$ref": "#/components/schemas/WeatherForecast"
                  },
                  "address": {
                    "$ref": "#/components/schemas/Product"
                  }
                }
              },
              "encoding": {
                "person": {
                  "style": "form"
                },
                "address": {
                  "style": "form"
                }
              }
            },
            "application/x-www-form-urlencoded": {
              "schema": {
                "required": [
                  "address",
                  "person"
                ],
                "type": "object",
                "properties": {
                  "person": {
                    "$ref": "#/components/schemas/WeatherForecast"
                  },
                  "address": {
                    "$ref": "#/components/schemas/Product"
                  }
                }
              },
              "encoding": {
                "person": {
                  "style": "form"
                },
                "address": {
                  "style": "form"
                }
              }
            }
          },
          "required": true,
          "x-purpose": "test"
        },
        "responses": {
          "204": {
            "description": "No Content"
          }
        },
        "x-purpose": "test"
      }
    },
    "/formpost/minimalGet": {
      "get": {
        "tags": [
          "Basic"
        ],
        "parameters": [
          {
            "name": "ts",
            "in": "query",
            "required": true,
            "schema": {
              "type": "string"
            }
          }
        ],
        "requestBody": {
          "content": {
            "multipart/form-data": {
              "schema": {
                "required": [
                  "address",
                  "person"
                ],
                "type": "object",
                "properties": {
                  "person": {
                    "$ref": "#/components/schemas/WeatherForecast"
                  },
                  "address": {
                    "$ref": "#/components/schemas/Product"
                  }
                }
              },
              "encoding": {
                "person": {
                  "style": "form"
                },
                "address": {
                  "style": "form"
                }
              }
            },
            "application/x-www-form-urlencoded": {
              "schema": {
                "required": [
                  "address",
                  "person"
                ],
                "type": "object",
                "properties": {
                  "person": {
                    "$ref": "#/components/schemas/WeatherForecast"
                  },
                  "address": {
                    "$ref": "#/components/schemas/Product"
                  }
                }
              },
              "encoding": {
                "person": {
                  "style": "form"
                },
                "address": {
                  "style": "form"
                }
              }
            }
          },
          "required": true,
          "x-purpose": "test"
        },
        "responses": {
          "204": {
            "description": "No Content"
          }
        },
        "x-purpose": "test"
      }
    },
    "/formpost/minimalGet2": {
      "get": {
        "tags": [
          "Basic"
        ],
        "parameters": [
          {
            "name": "ts",
            "in": "query",
            "required": true,
            "schema": {
              "type": "string"
            }
          }
        ],
        "requestBody": {
          "content": {
            "multipart/form-data": {
              "schema": {
                "required": [
                  "address",
                  "person"
                ],
                "type": "object",
                "properties": {
                  "person": {
                    "$ref": "#/components/schemas/WeatherForecast"
                  },
                  "address": {
                    "$ref": "#/components/schemas/Product"
                  }
                }
              },
              "encoding": {
                "person": {
                  "style": "form"
                },
                "address": {
                  "style": "form"
                }
              }
            },
            "application/x-www-form-urlencoded": {
              "schema": {
                "required": [
                  "address",
                  "person"
                ],
                "type": "object",
                "properties": {
                  "person": {
                    "$ref": "#/components/schemas/WeatherForecast"
                  },
                  "address": {
                    "$ref": "#/components/schemas/Product"
                  }
                }
              },
              "encoding": {
                "person": {
                  "style": "form"
                },
                "address": {
                  "style": "form"
                }
              }
            }
          },
          "x-purpose": "test"
        },
        "responses": {
          "204": {
            "description": "No Content"
          }
        },
        "x-purpose": "test"
      }
    },
    "/formpost/fromheader": {
      "post": {
        "tags": [
          "Basic"
        ],
        "parameters": [
          {
            "name": "x-api-version",
            "in": "header",
            "required": true,
            "schema": {
              "type": "string"
            }
          }
        ],
        "responses": {
          "204": {
            "description": "No Content"
          }
        },
        "x-purpose": "test"
      }
    },
    "/formpost/fromheader2": {
      "post": {
        "tags": [
          "Basic"
        ],
        "parameters": [
          {
            "name": "x-api-version",
            "in": "header",
            "required": true,
            "schema": {
              "type": "string"
            }
          }
        ],
        "responses": {
          "204": {
            "description": "No Content"
          }
        },
        "x-purpose": "test"
      }
    },
    "/asparameter/openapi/enum": {
      "get": {
        "tags": [
          "Basic"
        ],
        "parameters": [
          {
            "name": "ConditionStateFromQuery",
            "in": "query",
            "schema": {
              "$ref": "#/components/schemas/ConditionState"
            }
          },
          {
            "name": "ConditionStateAsParameters",
            "in": "query",
            "schema": {
              "$ref": "#/components/schemas/ConditionState"
            }
          },
          {
            "name": "SomeId",
            "in": "query",
            "schema": {
              "type": "string",
              "format": "uuid",
              "nullable": true
            }
          },
          {
            "name": "SomeFilter",
            "in": "query",
            "schema": {
              "type": "string"
            }
          },
          {
            "name": "SomeDecimal",
            "in": "query",
            "required": true,
            "schema": {
              "type": "number",
              "format": "double"
            }
          }
        ],
        "responses": {
          "200": {
            "description": "OK",
            "content": {
              "text/plain": {
                "schema": {
                  "type": "string"
                }
              }
            }
          }
        },
        "x-purpose": "test"
      }
    },
    "/asparameter/openapi/enum2": {
      "get": {
        "tags": [
          "Basic"
        ],
        "parameters": [
          {
            "name": "conditionStateFromQuery",
            "in": "query",
            "schema": {
              "$ref": "#/components/schemas/ConditionState"
            }
          },
          {
            "name": "conditionStateAsParameters",
            "in": "query",
            "schema": {
              "$ref": "#/components/schemas/ConditionState"
            }
          },
          {
            "name": "someId",
            "in": "query",
            "schema": {
              "type": "string",
              "format": "uuid",
              "nullable": true
            }
          },
          {
            "name": "someFilter",
            "in": "query",
            "schema": {
              "type": "string"
            }
          },
          {
            "name": "someDecimal",
            "in": "query",
            "required": true,
            "schema": {
              "type": "number",
              "format": "double"
            }
          }
        ],
        "responses": {
          "200": {
            "description": "Success",
            "content": {
              "text/plain": {
                "schema": {
                  "type": "string"
                }
              }
            }
          }
        },
        "x-purpose": "test"
      }
    },
    "/products": {
      "post": {
        "tags": [
          "CrudActions"
        ],
        "summary": "Creates a product",
        "description": "## Heading 1\r\n\r\n    POST /products\r\n    {\r\n        \"id\": \"123\",\r\n        \"description\": \"Some product\"\r\n    }",
        "operationId": "CreateProduct",
        "requestBody": {
          "description": "",
          "content": {
            "application/json": {
              "schema": {
                "$ref": "#/components/schemas/Product"
              }
            },
            "text/json": {
              "schema": {
                "$ref": "#/components/schemas/Product"
              }
            },
            "application/*+json": {
              "schema": {
                "$ref": "#/components/schemas/Product"
              }
            }
          },
          "required": true,
          "x-purpose": "test"
        },
        "responses": {
          "200": {
            "description": "Success",
            "content": {
              "application/json": {
                "schema": {
                  "$ref": "#/components/schemas/Product"
                }
              }
            }
          }
        },
        "x-purpose": "test"
      },
      "get": {
        "tags": [
          "CrudActions"
        ],
        "summary": "Searches the collection of products by description key words",
        "operationId": "SearchProducts",
        "parameters": [
          {
            "name": "kw",
            "in": "query",
            "description": "A list of search terms",
            "schema": {
              "type": "string",
              "default": "foobar"
            },
            "example": "hello"
          }
        ],
        "responses": {
          "200": {
            "description": "Success",
            "content": {
              "application/json": {
                "schema": {
                  "type": "array",
                  "items": {
                    "$ref": "#/components/schemas/Product"
                  }
                }
              }
            }
          }
        },
        "x-purpose": "test"
      }
    },
    "/products/{id}": {
      "get": {
        "tags": [
          "CrudActions"
        ],
        "summary": "Returns a specific product",
        "operationId": "GetProduct",
        "parameters": [
          {
            "name": "id",
            "in": "path",
            "description": "The product id",
            "required": true,
            "schema": {
              "type": "integer",
              "format": "int32"
            },
            "example": 111
          }
        ],
        "responses": {
          "200": {
            "description": "Success",
            "content": {
              "application/json": {
                "schema": {
                  "$ref": "#/components/schemas/Product"
                }
              }
            }
          }
        },
        "x-purpose": "test"
      },
      "put": {
        "tags": [
          "CrudActions"
        ],
        "summary": "Updates all properties of a specific product",
        "operationId": "UpdateProduct",
        "parameters": [
          {
            "name": "id",
            "in": "path",
            "description": "",
            "required": true,
            "schema": {
              "type": "integer",
              "format": "int32"
            },
            "example": 222
          }
        ],
        "requestBody": {
          "description": "",
          "content": {
            "application/json": {
              "schema": {
                "$ref": "#/components/schemas/Product"
              }
            },
            "text/json": {
              "schema": {
                "$ref": "#/components/schemas/Product"
              }
            },
            "application/*+json": {
              "schema": {
                "$ref": "#/components/schemas/Product"
              }
            }
          },
          "required": true,
          "x-purpose": "test"
        },
        "responses": {
          "200": {
            "description": "Success"
          }
        },
        "x-purpose": "test"
      },
      "patch": {
        "tags": [
          "CrudActions"
        ],
        "summary": "Updates some properties of a specific product",
        "operationId": "PatchProduct",
        "parameters": [
          {
            "name": "id",
            "in": "path",
            "description": "",
            "required": true,
            "schema": {
              "type": "integer",
              "format": "int32"
            },
            "example": 333
          }
        ],
        "requestBody": {
          "description": "",
          "content": {
            "application/json": {
              "schema": {
                "type": "object",
                "additionalProperties": { }
              }
            },
            "text/json": {
              "schema": {
                "type": "object",
                "additionalProperties": { }
              }
            },
            "application/*+json": {
              "schema": {
                "type": "object",
                "additionalProperties": { }
              }
            }
          },
          "required": true,
          "x-purpose": "test"
        },
        "responses": {
          "200": {
            "description": "Success"
          }
        },
        "x-purpose": "test"
      },
      "delete": {
        "tags": [
          "CrudActions"
        ],
        "summary": "Deletes a specific product",
        "operationId": "DeleteProduct",
        "parameters": [
          {
            "name": "id",
            "in": "path",
            "description": "",
            "required": true,
            "schema": {
              "type": "integer",
              "format": "int32"
            },
            "example": 444
          }
        ],
        "responses": {
          "200": {
            "description": "Success"
          }
        },
        "x-purpose": "test"
      }
    },
    "/products/status": {
      "get": {
        "tags": [
          "CrudActions"
        ],
        "operationId": "GetStatus",
        "parameters": [
          {
            "name": "status",
            "in": "query",
            "schema": {
              "$ref": "#/components/schemas/ProductStatus"
            }
          }
        ],
        "responses": {
          "200": {
            "description": "Success"
          }
        },
        "x-purpose": "test"
      },
      "post": {
        "tags": [
          "CrudActions"
        ],
        "operationId": "GetStatus",
        "requestBody": {
          "content": {
            "application/json": {
              "schema": {
                "$ref": "#/components/schemas/ProductStatus"
              }
            },
            "text/json": {
              "schema": {
                "$ref": "#/components/schemas/ProductStatus"
              }
            },
            "application/*+json": {
              "schema": {
                "$ref": "#/components/schemas/ProductStatus"
              }
            }
          },
          "x-purpose": "test"
        },
        "responses": {
          "200": {
            "description": "Success",
            "content": {
              "application/json": {
                "schema": {
                  "$ref": "#/components/schemas/ProductStatus"
                }
              }
            }
          }
        },
        "x-purpose": "test"
      }
    },
    "/products/GetDoc": {
      "get": {
        "tags": [
          "CrudActions"
        ],
        "parameters": [
          {
            "name": "value",
            "in": "query",
            "description": "The child value.",
            "schema": {
              "type": "string"
            }
          },
          {
            "name": "parentValue",
            "in": "query",
            "description": "The parent value.",
            "schema": {
              "type": "string"
            }
          }
        ],
        "responses": {
          "200": {
            "description": "Success",
            "content": {
              "application/json": {
                "schema": {
                  "$ref": "#/components/schemas/IChild"
                }
              }
            }
          }
        },
        "x-purpose": "test"
      }
    },
    "/products/GetDoc2": {
      "post": {
        "tags": [
          "CrudActions"
        ],
        "parameters": [
          {
            "name": "myParameter",
            "in": "query",
            "schema": {
              "type": "integer",
              "format": "int32"
            }
          }
        ],
        "responses": {
          "200": {
            "description": "Success",
            "content": {
              "application/json": {
                "schema": {
                  "type": "array",
                  "items": {
                    "type": "string"
                  }
                }
              }
            }
          }
        },
        "x-purpose": "test"
      }
    },
    "/products/weather/{date}": {
      "get": {
        "tags": [
          "CrudActions"
        ],
        "summary": "Request the forecast of a specific day.",
        "parameters": [
          {
            "name": "date",
            "in": "path",
            "description": "Date of the requested forecast.",
            "required": true,
            "schema": {
              "type": "string",
              "format": "date"
            },
            "example": "2023-01-24"
          }
        ],
        "responses": {
          "200": {
            "description": "Success",
            "content": {
              "application/json": {
                "schema": {
                  "$ref": "#/components/schemas/WeatherForecast"
                }
              }
            }
          },
          "404": {
            "description": "Not Found"
          }
        },
        "x-purpose": "test"
      }
    },
    "/products/weather/async/{date}": {
      "get": {
        "tags": [
          "CrudActions"
        ],
        "summary": "Request the forecast of a specific day.",
        "parameters": [
          {
            "name": "date",
            "in": "path",
            "description": "Date of the requested forecast.",
            "required": true,
            "schema": {
              "type": "string",
              "format": "date"
            },
            "example": "2023-01-24"
          }
        ],
        "responses": {
          "200": {
            "description": "Success",
            "content": {
              "application/json": {
                "schema": {
                  "$ref": "#/components/schemas/WeatherForecast"
                }
              }
            }
          },
          "404": {
            "description": "Not Found"
          }
        },
        "x-purpose": "test"
      }
    },
    "/formpost/regularPost": {
      "post": {
        "tags": [
          "CrudActions"
        ],
        "parameters": [
          {
            "name": "ts",
            "in": "query",
            "schema": {
              "type": "string"
            }
          }
        ],
        "requestBody": {
          "content": {
            "multipart/form-data": {
              "schema": {
                "type": "object",
                "properties": {
                  "date": {
                    "type": "string",
                    "format": "date"
                  },
                  "temperatureC": {
                    "type": "integer",
                    "format": "int32"
                  },
                  "summary": {
                    "type": "string"
                  },
                  "id": {
                    "type": "integer",
                    "description": "Uniquely identifies the product",
                    "format": "int32"
                  },
                  "description": {
                    "type": "string",
                    "description": "Describes the product"
                  },
                  "status": {
                    "$ref": "#/components/schemas/ProductStatus"
                  },
                  "status2": {
                    "$ref": "#/components/schemas/ProductStatus"
                  }
                }
              },
              "encoding": {
                "date": {
                  "style": "form"
                },
                "temperatureC": {
                  "style": "form"
                },
                "summary": {
                  "style": "form"
                },
                "id": {
                  "style": "form"
                },
                "description": {
                  "style": "form"
                },
                "status": {
                  "style": "form"
                },
                "status2": {
                  "style": "form"
                }
              }
            },
            "application/x-www-form-urlencoded": {
              "schema": {
                "type": "object",
                "properties": {
                  "date": {
                    "type": "string",
                    "format": "date"
                  },
                  "temperatureC": {
                    "type": "integer",
                    "format": "int32"
                  },
                  "summary": {
                    "type": "string"
                  },
                  "id": {
                    "type": "integer",
                    "description": "Uniquely identifies the product",
                    "format": "int32"
                  },
                  "description": {
                    "type": "string",
                    "description": "Describes the product"
                  },
                  "status": {
                    "$ref": "#/components/schemas/ProductStatus"
                  },
                  "status2": {
                    "$ref": "#/components/schemas/ProductStatus"
                  }
                }
              },
              "encoding": {
                "date": {
                  "style": "form"
                },
                "temperatureC": {
                  "style": "form"
                },
                "summary": {
                  "style": "form"
                },
                "id": {
                  "style": "form"
                },
                "description": {
                  "style": "form"
                },
                "status": {
                  "style": "form"
                },
                "status2": {
                  "style": "form"
                }
              }
            }
          },
          "x-purpose": "test"
        },
        "responses": {
          "200": {
            "description": "Success",
            "content": {
              "application/json": {
                "schema": {
                  "$ref": "#/components/schemas/WeatherForecast"
                }
              }
            }
          }
        },
        "x-purpose": "test"
      }
    },
    "/formpost/regularGet": {
      "get": {
        "tags": [
          "CrudActions"
        ],
        "parameters": [
          {
            "name": "ts",
            "in": "query",
            "schema": {
              "type": "string"
            }
          }
        ],
        "requestBody": {
          "content": {
            "multipart/form-data": {
              "schema": {
                "type": "object",
                "properties": {
                  "date": {
                    "type": "string",
                    "format": "date"
                  },
                  "temperatureC": {
                    "type": "integer",
                    "format": "int32"
                  },
                  "summary": {
                    "type": "string"
                  },
                  "id": {
                    "type": "integer",
                    "description": "Uniquely identifies the product",
                    "format": "int32"
                  },
                  "description": {
                    "type": "string",
                    "description": "Describes the product"
                  },
                  "status": {
                    "$ref": "#/components/schemas/ProductStatus"
                  },
                  "status2": {
                    "$ref": "#/components/schemas/ProductStatus"
                  }
                }
              },
              "encoding": {
                "date": {
                  "style": "form"
                },
                "temperatureC": {
                  "style": "form"
                },
                "summary": {
                  "style": "form"
                },
                "id": {
                  "style": "form"
                },
                "description": {
                  "style": "form"
                },
                "status": {
                  "style": "form"
                },
                "status2": {
                  "style": "form"
                }
              }
            },
            "application/x-www-form-urlencoded": {
              "schema": {
                "type": "object",
                "properties": {
                  "date": {
                    "type": "string",
                    "format": "date"
                  },
                  "temperatureC": {
                    "type": "integer",
                    "format": "int32"
                  },
                  "summary": {
                    "type": "string"
                  },
                  "id": {
                    "type": "integer",
                    "description": "Uniquely identifies the product",
                    "format": "int32"
                  },
                  "description": {
                    "type": "string",
                    "description": "Describes the product"
                  },
                  "status": {
                    "$ref": "#/components/schemas/ProductStatus"
                  },
                  "status2": {
                    "$ref": "#/components/schemas/ProductStatus"
                  }
                }
              },
              "encoding": {
                "date": {
                  "style": "form"
                },
                "temperatureC": {
                  "style": "form"
                },
                "summary": {
                  "style": "form"
                },
                "id": {
                  "style": "form"
                },
                "description": {
                  "style": "form"
                },
                "status": {
                  "style": "form"
                },
                "status2": {
                  "style": "form"
                }
              }
            }
          },
          "x-purpose": "test"
        },
        "responses": {
          "200": {
            "description": "Success",
            "content": {
              "application/json": {
                "schema": {
                  "$ref": "#/components/schemas/WeatherForecast"
                }
              }
            }
          }
        },
        "x-purpose": "test"
      }
    },
    "/payments/authorize": {
      "post": {
        "tags": [
          "DataAnnotations"
        ],
        "requestBody": {
          "content": {
            "application/json": {
              "schema": {
                "$ref": "#/components/schemas/PaymentRequest"
              }
            },
            "text/json": {
              "schema": {
                "$ref": "#/components/schemas/PaymentRequest"
              }
            },
            "application/*+json": {
              "schema": {
                "$ref": "#/components/schemas/PaymentRequest"
              }
            }
          },
          "required": true,
          "x-purpose": "test"
        },
        "responses": {
          "200": {
            "description": "Success",
            "content": {
              "application/json": {
                "schema": {
                  "type": "string"
                }
              }
            }
          }
        },
        "x-purpose": "test"
      }
    },
    "/payments/{paymentId}/cancel": {
      "put": {
        "tags": [
          "DataAnnotations"
        ],
        "parameters": [
          {
            "name": "paymentId",
            "in": "path",
            "required": true,
            "schema": {
              "minLength": 6,
              "type": "string"
            }
          }
        ],
        "responses": {
          "200": {
            "description": "Success"
          }
        },
        "x-purpose": "test"
      }
    },
    "/kittens": {
      "post": {
        "tags": [
          "DynamicTypes"
        ],
        "requestBody": {
          "content": {
            "application/json": {
              "schema": { }
            },
            "text/json": {
              "schema": { }
            },
            "application/*+json": {
              "schema": { }
            }
          },
          "x-purpose": "test"
        },
        "responses": {
          "200": {
            "description": "Success",
            "content": {
              "application/json": {
                "schema": {
                  "type": "integer",
                  "format": "int32"
                }
              }
            }
          }
        },
        "x-purpose": "test"
      }
    },
    "/unicorns": {
      "get": {
        "tags": [
          "DynamicTypes"
        ],
        "responses": {
          "200": {
            "description": "Success",
            "content": {
              "application/json": {
                "schema": {
                  "type": "object",
                  "additionalProperties": { }
                }
              }
            }
          }
        },
        "x-purpose": "test"
      }
    },
    "/dragons": {
      "post": {
        "tags": [
          "DynamicTypes"
        ],
        "requestBody": {
          "content": {
            "application/json": {
              "schema": { }
            },
            "text/json": {
              "schema": { }
            },
            "application/*+json": {
              "schema": { }
            }
          },
          "x-purpose": "test"
        },
        "responses": {
          "200": {
            "description": "Success"
          }
        },
        "x-purpose": "test"
      }
    },
    "/files/single": {
      "post": {
        "tags": [
          "Files"
        ],
        "requestBody": {
          "content": {
            "multipart/form-data": {
              "schema": {
                "type": "object",
                "properties": {
                  "file": {
                    "type": "string",
                    "format": "binary"
                  }
                }
              },
              "encoding": {
                "file": {
                  "style": "form"
                }
              }
            },
            "application/x-www-form-urlencoded": {
              "schema": {
                "type": "object",
                "properties": {
                  "file": {
                    "type": "string",
                    "format": "binary"
                  }
                }
              },
              "encoding": {
                "file": {
                  "style": "form"
                }
              }
            }
          },
          "x-purpose": "test"
        },
        "responses": {
          "200": {
            "description": "Success"
          }
        },
        "x-purpose": "test"
      }
    },
    "/files/multiple": {
      "post": {
        "tags": [
          "Files"
        ],
        "requestBody": {
          "content": {
            "multipart/form-data": {
              "schema": {
                "type": "object",
                "properties": {
                  "files": {
                    "type": "array",
                    "items": {
                      "type": "string",
                      "format": "binary"
                    }
                  }
                }
              },
              "encoding": {
                "files": {
                  "style": "form"
                }
              }
            },
            "application/x-www-form-urlencoded": {
              "schema": {
                "type": "object",
                "properties": {
                  "files": {
                    "type": "array",
                    "items": {
                      "type": "string",
                      "format": "binary"
                    }
                  }
                }
              },
              "encoding": {
                "files": {
                  "style": "form"
                }
              }
            }
          },
          "x-purpose": "test"
        },
        "responses": {
          "200": {
            "description": "Success"
          }
        },
        "x-purpose": "test"
      }
    },
    "/files/form-with-file": {
      "post": {
        "tags": [
          "Files"
        ],
        "requestBody": {
          "content": {
            "multipart/form-data": {
              "schema": {
                "type": "object",
                "properties": {
                  "name": {
                    "type": "string"
                  },
                  "file": {
                    "type": "string",
                    "format": "binary"
                  }
                }
              },
              "encoding": {
                "name": {
                  "style": "form"
                },
                "file": {
                  "style": "form"
                }
              }
            },
            "application/x-www-form-urlencoded": {
              "schema": {
                "type": "object",
                "properties": {
                  "name": {
                    "type": "string"
                  },
                  "file": {
                    "type": "string",
                    "format": "binary"
                  }
                }
              },
              "encoding": {
                "name": {
                  "style": "form"
                },
                "file": {
                  "style": "form"
                }
              }
            }
          },
          "x-purpose": "test"
        },
        "responses": {
          "200": {
            "description": "Success"
          }
        },
        "x-purpose": "test"
      }
    },
    "/files/{name}": {
      "get": {
        "tags": [
          "Files"
        ],
        "parameters": [
          {
            "name": "name",
            "in": "path",
            "required": true,
            "schema": {
              "type": "string"
            }
          }
        ],
        "responses": {
          "200": {
            "description": "Success",
            "content": {
              "application/octet-stream": {
                "schema": {
                  "oneOf": [
                    {
                      "type": "string",
                      "format": "binary"
                    },
                    {
                      "type": "string",
                      "format": "binary"
                    },
                    {
                      "type": "string",
                      "format": "binary"
                    },
                    {
                      "type": "string",
                      "format": "binary"
                    }
                  ]
                }
              }
            }
          }
        },
        "x-purpose": "test"
      }
    },
    "/registrations": {
      "post": {
        "tags": [
          "FromFormParams"
        ],
        "requestBody": {
          "content": {
            "application/x-www-form-urlencoded": {
              "schema": {
                "type": "object",
                "properties": {
                  "name": {
                    "type": "string"
                  },
                  "phoneNumbers": {
                    "type": "array",
                    "items": {
                      "type": "integer",
                      "format": "int32"
                    }
                  }
                }
              },
              "encoding": {
                "name": {
                  "style": "form"
                },
                "phoneNumbers": {
                  "style": "form"
                }
              }
            }
          },
          "x-purpose": "test"
        },
        "responses": {
          "200": {
            "description": "Success"
          }
        },
        "x-purpose": "test"
      }
    },
    "/country/validate": {
      "get": {
        "tags": [
          "FromHeaderParams"
        ],
        "parameters": [
          {
            "name": "country",
            "in": "query",
            "schema": {
              "type": "string"
            }
          }
        ],
        "responses": {
          "200": {
            "description": "Success"
          }
        },
        "x-purpose": "test"
      }
    },
    "/addresses/validate": {
      "get": {
        "tags": [
          "FromQueryParams"
        ],
        "parameters": [
          {
            "name": "country",
            "in": "query",
            "description": "3-letter ISO country code",
            "required": true,
            "schema": {
              "type": "string"
            }
          },
          {
            "name": "city",
            "in": "query",
            "description": "Name of city",
            "schema": {
              "type": "string",
              "default": "Seattle"
            }
          }
        ],
        "responses": {
          "200": {
            "description": "Success"
          }
        },
        "x-purpose": "test"
      }
    },
    "/zip-codes/validate": {
      "get": {
        "tags": [
          "FromQueryParams"
        ],
        "parameters": [
          {
            "name": "zipCodes",
            "in": "query",
            "schema": {
              "type": "array",
              "items": {
                "type": "string"
              }
            }
          }
        ],
        "responses": {
          "200": {
            "description": "Success"
          }
        },
        "x-purpose": "test"
      }
    },
    "/promotions": {
      "get": {
        "tags": [
          "JsonAnnotations"
        ],
        "responses": {
          "200": {
            "description": "Success",
            "content": {
              "application/json": {
                "schema": {
                  "type": "array",
                  "items": {
                    "$ref": "#/components/schemas/Promotion"
                  }
                }
              }
            }
          }
        },
        "x-purpose": "test"
      }
    },
    "/shapes": {
      "post": {
        "tags": [
          "PolymorphicTypes"
        ],
        "requestBody": {
          "content": {
            "application/json": {
              "schema": {
                "oneOf": [
                  {
                    "$ref": "#/components/schemas/Rectangle"
                  },
                  {
                    "$ref": "#/components/schemas/Circle"
                  }
                ]
              }
            },
            "text/json": {
              "schema": {
                "oneOf": [
                  {
                    "$ref": "#/components/schemas/Rectangle"
                  },
                  {
                    "$ref": "#/components/schemas/Circle"
                  }
                ]
              }
            },
            "application/*+json": {
              "schema": {
                "oneOf": [
                  {
                    "$ref": "#/components/schemas/Rectangle"
                  },
                  {
                    "$ref": "#/components/schemas/Circle"
                  }
                ]
              }
            }
          },
          "x-purpose": "test"
        },
        "responses": {
          "200": {
            "description": "Success",
            "content": {
              "text/plain": {
                "schema": {
                  "type": "integer",
                  "format": "int32"
                }
              },
              "application/json": {
                "schema": {
                  "type": "integer",
                  "format": "int32"
                }
              },
              "text/json": {
                "schema": {
                  "type": "integer",
                  "format": "int32"
                }
              }
            }
          }
        },
        "x-purpose": "test"
      }
    },
    "/orders": {
      "post": {
        "tags": [
          "ResponseTypeAnnotations"
        ],
        "summary": "Creates an order",
        "requestBody": {
          "description": "",
          "content": {
            "application/xml": {
              "schema": {
                "$ref": "#/components/schemas/Order"
              }
            }
          },
          "required": true,
          "x-purpose": "test"
        },
        "responses": {
          "201": {
            "description": "Order created",
            "content": {
              "application/xml": {
                "schema": {
                  "type": "integer",
                  "format": "int32"
                }
              }
            }
          },
          "400": {
            "description": "Order invalid",
            "content": {
              "application/xml": {
                "schema": {
                  "$ref": "#/components/schemas/ValidationProblemDetails"
                }
              }
            }
          }
        },
        "x-purpose": "test"
      }
    },
    "/carts": {
      "post": {
        "tags": [
          "SwaggerAnnotations"
        ],
        "operationId": "CreateCart",
        "requestBody": {
          "description": "The cart request body",
          "content": {
            "application/json": {
              "schema": {
                "$ref": "#/components/schemas/Cart"
              }
            },
            "text/json": {
              "schema": {
                "$ref": "#/components/schemas/Cart"
              }
            },
            "application/*+json": {
              "schema": {
                "$ref": "#/components/schemas/Cart"
              }
            }
          },
          "x-purpose": "test"
        },
        "responses": {
          "201": {
            "description": "The cart was created",
            "content": {
              "text/plain": {
                "schema": {
                  "$ref": "#/components/schemas/Cart"
                }
              },
              "application/json": {
                "schema": {
                  "$ref": "#/components/schemas/Cart"
                }
              },
              "text/json": {
                "schema": {
                  "$ref": "#/components/schemas/Cart"
                }
              }
            }
          },
          "400": {
            "description": "The cart data is invalid"
          }
        },
        "x-purpose": "test"
      }
    },
    "/carts/{id}": {
      "get": {
        "tags": [
          "SwaggerAnnotations"
        ],
        "externalDocs": {
          "description": "External docs for CartsByIdGet",
          "url": "https://tempuri.org/carts-by-id-get"
        },
        "operationId": "GetCart",
        "parameters": [
          {
            "name": "id",
            "in": "path",
            "description": "The cart identifier",
            "required": true,
            "schema": {
              "type": "integer",
              "format": "int32"
            }
          }
        ],
        "responses": {
          "200": {
            "description": "Success",
            "content": {
              "text/plain": {
                "schema": {
                  "$ref": "#/components/schemas/Cart"
                }
              },
              "application/json": {
                "schema": {
                  "$ref": "#/components/schemas/Cart"
                }
              },
              "text/json": {
                "schema": {
                  "$ref": "#/components/schemas/Cart"
                }
              }
            }
          }
        },
        "x-purpose": "test"
      },
      "delete": {
        "tags": [
          "SwaggerAnnotations"
        ],
        "summary": "Deletes a specific cart",
        "description": "Requires admin privileges",
        "operationId": "DeleteCart",
        "parameters": [
          {
            "name": "id",
            "in": "path",
            "description": "The cart identifier",
            "required": true,
            "schema": {
              "type": "integer",
              "format": "int32"
            }
          }
        ],
        "responses": {
          "200": {
            "description": "Success",
            "content": {
              "text/plain": {
                "schema": {
                  "$ref": "#/components/schemas/Cart"
                }
              },
              "application/json": {
                "schema": {
                  "$ref": "#/components/schemas/Cart"
                }
              },
              "text/json": {
                "schema": {
                  "$ref": "#/components/schemas/Cart"
                }
              }
            }
          }
        },
        "x-purpose": "test"
      }
    },
    "/stores": {
      "post": {
        "tags": [
          "UnboundParams"
        ],
        "parameters": [
          {
            "name": "id",
            "in": "query",
            "schema": {
              "type": "integer",
              "format": "int32"
            }
          },
          {
            "name": "location",
            "in": "query",
            "schema": {
              "type": "string"
            }
          }
        ],
        "responses": {
          "200": {
            "description": "Success",
            "content": {
              "application/json": {
                "schema": {
                  "type": "integer",
                  "format": "int32"
                }
              }
            }
          }
        },
        "x-purpose": "test"
      },
      "get": {
        "tags": [
          "UnboundParams"
        ],
        "parameters": [
          {
            "name": "locations",
            "in": "query",
            "schema": {
              "type": "array",
              "items": {
                "type": "string"
              }
            }
          }
        ],
        "responses": {
          "200": {
            "description": "Success",
            "content": {
              "application/json": {
                "schema": {
                  "type": "array",
                  "items": {
                    "$ref": "#/components/schemas/Store"
                  }
                }
              }
            }
          }
        },
        "x-purpose": "test"
      }
    },
    "/stores/{id}": {
      "get": {
        "tags": [
          "UnboundParams"
        ],
        "parameters": [
          {
            "name": "id",
            "in": "path",
            "required": true,
            "schema": {
              "type": "integer",
              "format": "int32"
            }
          }
        ],
        "responses": {
          "200": {
            "description": "Success",
            "content": {
              "application/json": {
                "schema": {
                  "$ref": "#/components/schemas/Store"
                }
              }
            }
          }
        },
        "x-purpose": "test"
      },
      "put": {
        "tags": [
          "UnboundParams"
        ],
        "parameters": [
          {
            "name": "id",
            "in": "query",
            "schema": {
              "type": "integer",
              "format": "int32"
            }
          },
          {
            "name": "id",
            "in": "path",
            "required": true,
            "schema": {
              "type": "integer",
              "format": "int32"
            }
          },
          {
            "name": "location",
            "in": "query",
            "schema": {
              "type": "string"
            }
          }
        ],
        "responses": {
          "200": {
            "description": "Success"
          }
        },
        "x-purpose": "test"
      },
      "delete": {
        "tags": [
          "UnboundParams"
        ],
        "parameters": [
          {
            "name": "id",
            "in": "path",
            "required": true,
            "schema": {
              "type": "integer",
              "format": "int32"
            }
          }
        ],
        "responses": {
          "200": {
            "description": "Success"
          }
        },
        "x-purpose": "test"
      }
    },
    "/xmlComments/xmlPost": {
      "post": {
        "tags": [
          "XmlComment"
        ],
        "summary": "Initialize request to api.",
        "parameters": [
          {
            "name": "timeStamp",
            "in": "query",
            "description": "the moment.",
            "schema": {
              "type": "string"
            }
          }
        ],
        "requestBody": {
          "description": "Id of the request returned by POST.",
          "content": {
            "application/json": {
              "schema": {
                "$ref": "#/components/schemas/MyRequest"
              }
            },
            "text/json": {
              "schema": {
                "$ref": "#/components/schemas/MyRequest"
              }
            },
            "application/*+json": {
              "schema": {
                "$ref": "#/components/schemas/MyRequest"
              }
            }
          },
          "x-purpose": "test"
        },
        "responses": {
          "201": {
            "description": "The created status.",
            "content": {
              "text/plain": {
                "schema": {
                  "$ref": "#/components/schemas/MyRequest"
                }
              },
              "application/json": {
                "schema": {
                  "$ref": "#/components/schemas/MyRequest"
                }
              },
              "text/json": {
                "schema": {
                  "$ref": "#/components/schemas/MyRequest"
                }
              }
            }
          },
          "400": {
            "description": "An error occurred. Message is returned.",
            "content": {
              "text/plain": {
                "schema": {
                  "type": "string"
                }
              },
              "application/json": {
                "schema": {
                  "type": "string"
                }
              },
              "text/json": {
                "schema": {
                  "type": "string"
                }
              }
            }
          },
          "401": {
            "description": "Unauthorized.",
            "content": {
              "text/plain": {
                "schema": {
                  "type": "string"
                }
              },
              "application/json": {
                "schema": {
                  "type": "string"
                }
              },
              "text/json": {
                "schema": {
                  "type": "string"
                }
              }
            }
          },
          "404": {
            "description": "Not found.",
            "content": {
              "text/plain": {
                "schema": {
                  "type": "string"
                }
              },
              "application/json": {
                "schema": {
                  "type": "string"
                }
              },
              "text/json": {
                "schema": {
                  "type": "string"
                }
              }
            }
          },
          "500": {
            "description": "Unexpected exception while communicating with API.",
            "content": {
              "text/plain": {
                "schema": {
                  "type": "string"
                }
              },
              "application/json": {
                "schema": {
                  "type": "string"
                }
              },
              "text/json": {
                "schema": {
                  "type": "string"
                }
              }
            }
          }
        },
        "x-purpose": "test"
      }
    }
  },
  "components": {
    "schemas": {
      "Cart": {
        "required": [
          "Id"
        ],
        "type": "object",
        "properties": {
          "id": {
            "type": "integer",
            "description": "The cart identifier",
            "format": "int32",
            "readOnly": true
          },
          "cartType": {
            "$ref": "#/components/schemas/CartType"
          }
        },
        "additionalProperties": false
      },
      "CartType": {
        "enum": [
          0,
          1
        ],
        "type": "integer",
        "description": "The cart type",
        "format": "int32"
      },
      "Child": {
        "type": "object",
        "properties": {
          "nonNullable": {
            "type": "string",
            "nullable": true
          },
          "nullable": {
            "type": "string",
            "nullable": true
          }
        },
        "additionalProperties": false
      },
      "Circle": {
        "required": [
          "radius"
        ],
        "type": "object",
        "allOf": [
          {
            "$ref": "#/components/schemas/Shape"
          }
        ],
        "properties": {
          "radius": {
            "type": "integer",
            "format": "int32"
          }
        },
        "additionalProperties": false
      },
      "ConditionState": {
        "enum": [
          0,
          1,
          2
        ],
        "type": "integer",
        "format": "int32",
        "nullable": true
      },
      "CreditCard": {
        "required": [
          "cardNumber",
          "expMonth",
          "expYear"
        ],
        "type": "object",
        "properties": {
          "cardNumber": {
            "minLength": 1,
            "pattern": "^[3-6]?\\d{12,15}$",
            "type": "string"
          },
          "expMonth": {
            "maximum": 12,
            "minimum": 1,
            "type": "integer",
            "format": "int32"
          },
          "expYear": {
            "maximum": 99,
            "minimum": 14,
            "type": "integer",
            "format": "int32"
          }
        },
        "additionalProperties": false
      },
      "DiscountType": {
        "enum": [
          "Percentage",
          "Amount"
        ],
        "type": "string"
      },
      "IChild": {
        "type": "object",
        "properties": {
          "value": {
            "type": "string",
            "description": "The child value.",
            "nullable": true
          },
          "parentValue": {
            "type": "string",
            "description": "The parent value.",
            "nullable": true
          }
        },
        "additionalProperties": false,
        "description": "The child."
      },
      "MyRequest": {
        "required": [
          "id"
        ],
        "type": "object",
        "properties": {
          "id": {
            "type": "string"
          }
        },
        "additionalProperties": false
      },
      "NestedChild": {
        "type": "object",
        "properties": {
          "nonNullable": {
            "type": "string",
            "nullable": true
          },
          "nullable": {
            "type": "string",
            "nullable": true
          }
        },
        "additionalProperties": false
      },
      "Order": {
        "required": [
          "description",
          "id",
          "total"
        ],
        "type": "object",
        "properties": {
          "id": {
            "type": "integer",
            "format": "int32"
          },
          "description": {
            "type": "string"
          },
          "total": {
            "type": "number",
            "format": "double"
          }
        },
        "additionalProperties": false
      },
      "PaymentRequest": {
        "required": [
          "creditCard",
          "transaction"
        ],
        "type": "object",
        "properties": {
          "transaction": {
            "$ref": "#/components/schemas/Transaction"
          },
          "creditCard": {
            "$ref": "#/components/schemas/CreditCard"
          }
        },
        "additionalProperties": false
      },
      "Product": {
        "required": [
          "description",
          "id"
        ],
        "type": "object",
        "properties": {
          "id": {
            "type": "integer",
            "description": "Uniquely identifies the product",
            "format": "int32"
          },
          "description": {
            "type": "string",
            "description": "Describes the product"
          },
          "status": {
            "$ref": "#/components/schemas/ProductStatus"
          },
          "status2": {
            "$ref": "#/components/schemas/ProductStatus"
          }
        },
        "additionalProperties": false,
        "description": "Represents a product",
        "example": {
          "id": 123,
          "description": "foobar",
          "price": 14.37
        }
      },
      "ProductStatus": {
        "enum": [
          0,
          1,
          2
        ],
        "type": "integer",
        "format": "int32"
      },
      "Promotion": {
        "required": [
          "promo-code"
        ],
        "type": "object",
        "properties": {
          "promo-code": {
            "type": "string"
          },
          "discountType": {
            "$ref": "#/components/schemas/DiscountType"
          }
        },
        "additionalProperties": false
      },
      "Rectangle": {
        "required": [
          "height",
          "width"
        ],
        "type": "object",
        "allOf": [
          {
            "$ref": "#/components/schemas/Shape"
          }
        ],
        "properties": {
          "height": {
            "type": "integer",
            "format": "int32"
          },
          "width": {
            "type": "integer",
            "format": "int32"
          }
        },
        "additionalProperties": false
      },
      "RequestWithNestedChild": {
        "type": "object",
        "properties": {
          "child": {
            "$ref": "#/components/schemas/NestedChild"
          }
        },
        "additionalProperties": false
      },
      "RequestWithNonNestedChild": {
        "type": "object",
        "properties": {
          "child": {
            "$ref": "#/components/schemas/Child"
          }
        },
        "additionalProperties": false
      },
      "Shape": {
        "required": [
          "name",
          "TypeName"
        ],
        "type": "object",
        "properties": {
          "TypeName": {
            "type": "string"
          },
          "name": {
            "type": "string"
          }
        },
        "additionalProperties": false,
        "discriminator": {
          "propertyName": "TypeName",
          "mapping": {
            "Rectangle": "#/components/schemas/Rectangle",
            "Circle": "#/components/schemas/Circle"
          }
        }
      },
      "Store": {
        "required": [
          "id",
          "location"
        ],
        "type": "object",
        "properties": {
          "id": {
            "type": "integer",
            "format": "int32"
          },
          "location": {
            "type": "string"
          }
        },
        "additionalProperties": false
      },
      "Transaction": {
        "required": [
          "amount",
          "note"
        ],
        "type": "object",
        "properties": {
          "amount": {
            "type": "number",
            "format": "double"
          },
          "note": {
            "type": "string"
          }
        },
        "additionalProperties": false
      },
      "ValidationProblemDetails": {
        "required": [
          "errors"
        ],
        "type": "object",
        "properties": {
          "type": {
            "type": "string",
            "nullable": true
          },
          "title": {
            "type": "string",
            "nullable": true
          },
          "status": {
            "type": "integer",
            "format": "int32",
            "nullable": true
          },
          "detail": {
            "type": "string",
            "nullable": true
          },
          "instance": {
            "type": "string",
            "nullable": true
          },
          "errors": {
            "type": "object",
            "additionalProperties": {
              "type": "array",
              "items": {
                "type": "string"
              }
            }
          }
        },
        "additionalProperties": { }
      },
      "WeatherForecast": {
        "required": [
          "date",
          "temperatureC"
        ],
        "type": "object",
        "properties": {
          "date": {
            "type": "string",
            "format": "date"
          },
          "temperatureC": {
            "type": "integer",
            "format": "int32"
          },
          "summary": {
            "type": "string",
            "nullable": true
          }
        },
        "additionalProperties": false
      }
    }
  },
  "tags": [
    {
      "name": "SwaggerAnnotations",
      "description": "Manipulate Carts to your heart's content",
      "externalDocs": {
        "url": "http://www.tempuri.org"
      }
    }
  ]
}
